Solid Edge Translation to STEP
Date: Monday,August 03,2026 03:47PM
Output File: D:\Personal Projects\xteink\x4_travel_case\x4_travel_case.stp
Author: Unknown
Organization: Unknown
Source System: Solid Edge

Hardware:
Processor: AMD Ryzen 7 9700X 8-Core Processor             
Operating System: Windows 11 Professional Version:25H2 Build:26200 System Type:64-bit
Installed Memory: 63.6 GB

Software Information
Parasolid Version: 37.0.118
PSBodyShop Version: 37.0.94
Step Adapter Version: 15.0.142
Solid Edge Version: 225.00.01.004 x64

STEP Export Options
Export Format: AP214
Export Construction Sheets: Off
Export Construction Solids: Off
Export Construction Wires: Off
Export Displayed Parts Only: Off
Export Units: Millimeters
Export Part Component Names As Unicode: Off
Export PMI: Off

Phase 1 of 1 Translating Parasolid to foreign data types...
Translation process completed
Time required to translate:00 : 00 : 00
